﻿  Determinando os projetos a serem restaurados...
  Todos os projetos est├úo atualizados para restaura├º├úo.
C:\Program Files\dotnet\sdk\8.0.415\Microsoft.Common.CurrentVersion.targets(5321,5): warning MSB3026: n├úo foi poss├¡vel copiar "C:\Users\Renna\OneDrive\Projetos-Back-End\ProjetosCsharp\RazorPage\TravelSys\obj\Debug\net8.0\apphost.exe" para "bin\Debug\net8.0\Projeto-Hotel-Aviao.exe". Iniciando nova tentativa 1 em 1000ms. The process cannot access the file 'C:\Users\Renna\OneDrive\Projetos-Back-End\ProjetosCsharp\RazorPage\TravelSys\bin\Debug\net8.0\Projeto-Hotel-Aviao.exe' because it is being used by another process. O arquivo ├® bloqueado por: "Projeto-Hotel-Aviao (110108)" [C:\Users\Renna\OneDrive\Projetos-Back-End\ProjetosCsharp\RazorPage\TravelSys\Projeto-Hotel-Aviao.csproj]
C:\Program Files\dotnet\sdk\8.0.415\Microsoft.Common.CurrentVersion.targets(5321,5): warning MSB3026: n├úo foi poss├¡vel copiar "C:\Users\Renna\OneDrive\Projetos-Back-End\ProjetosCsharp\RazorPage\TravelSys\obj\Debug\net8.0\apphost.exe" para "bin\Debug\net8.0\Projeto-Hotel-Aviao.exe". Iniciando nova tentativa 2 em 1000ms. The process cannot access the file 'C:\Users\Renna\OneDrive\Projetos-Back-End\ProjetosCsharp\RazorPage\TravelSys\bin\Debug\net8.0\Projeto-Hotel-Aviao.exe' because it is being used by another process. O arquivo ├® bloqueado por: "Projeto-Hotel-Aviao (110108)" [C:\Users\Renna\OneDrive\Projetos-Back-End\ProjetosCsharp\RazorPage\TravelSys\Projeto-Hotel-Aviao.csproj]
C:\Program Files\dotnet\sdk\8.0.415\Microsoft.Common.CurrentVersion.targets(5321,5): warning MSB3026: n├úo foi poss├¡vel copiar "C:\Users\Renna\OneDrive\Projetos-Back-End\ProjetosCsharp\RazorPage\TravelSys\obj\Debug\net8.0\apphost.exe" para "bin\Debug\net8.0\Projeto-Hotel-Aviao.exe". Iniciando nova tentativa 3 em 1000ms. The process cannot access the file 'C:\Users\Renna\OneDrive\Projetos-Back-End\ProjetosCsharp\RazorPage\TravelSys\bin\Debug\net8.0\Projeto-Hotel-Aviao.exe' because it is being used by another process. O arquivo ├® bloqueado por: "Projeto-Hotel-Aviao (110108)" [C:\Users\Renna\OneDrive\Projetos-Back-End\ProjetosCsharp\RazorPage\TravelSys\Projeto-Hotel-Aviao.csproj]
C:\Program Files\dotnet\sdk\8.0.415\Microsoft.Common.CurrentVersion.targets(5321,5): warning MSB3026: n├úo foi poss├¡vel copiar "C:\Users\Renna\OneDrive\Projetos-Back-End\ProjetosCsharp\RazorPage\TravelSys\obj\Debug\net8.0\apphost.exe" para "bin\Debug\net8.0\Projeto-Hotel-Aviao.exe". Iniciando nova tentativa 4 em 1000ms. The process cannot access the file 'C:\Users\Renna\OneDrive\Projetos-Back-End\ProjetosCsharp\RazorPage\TravelSys\bin\Debug\net8.0\Projeto-Hotel-Aviao.exe' because it is being used by another process. O arquivo ├® bloqueado por: "Projeto-Hotel-Aviao (110108)" [C:\Users\Renna\OneDrive\Projetos-Back-End\ProjetosCsharp\RazorPage\TravelSys\Projeto-Hotel-Aviao.csproj]
C:\Program Files\dotnet\sdk\8.0.415\Microsoft.Common.CurrentVersion.targets(5321,5): warning MSB3026: n├úo foi poss├¡vel copiar "C:\Users\Renna\OneDrive\Projetos-Back-End\ProjetosCsharp\RazorPage\TravelSys\obj\Debug\net8.0\apphost.exe" para "bin\Debug\net8.0\Projeto-Hotel-Aviao.exe". Iniciando nova tentativa 5 em 1000ms. The process cannot access the file 'C:\Users\Renna\OneDrive\Projetos-Back-End\ProjetosCsharp\RazorPage\TravelSys\bin\Debug\net8.0\Projeto-Hotel-Aviao.exe' because it is being used by another process. O arquivo ├® bloqueado por: "Projeto-Hotel-Aviao (110108)" [C:\Users\Renna\OneDrive\Projetos-Back-End\ProjetosCsharp\RazorPage\TravelSys\Projeto-Hotel-Aviao.csproj]
C:\Program Files\dotnet\sdk\8.0.415\Microsoft.Common.CurrentVersion.targets(5321,5): warning MSB3026: n├úo foi poss├¡vel copiar "C:\Users\Renna\OneDrive\Projetos-Back-End\ProjetosCsharp\RazorPage\TravelSys\obj\Debug\net8.0\apphost.exe" para "bin\Debug\net8.0\Projeto-Hotel-Aviao.exe". Iniciando nova tentativa 6 em 1000ms. The process cannot access the file 'C:\Users\Renna\OneDrive\Projetos-Back-End\ProjetosCsharp\RazorPage\TravelSys\bin\Debug\net8.0\Projeto-Hotel-Aviao.exe' because it is being used by another process. O arquivo ├® bloqueado por: "Projeto-Hotel-Aviao (110108)" [C:\Users\Renna\OneDrive\Projetos-Back-End\ProjetosCsharp\RazorPage\TravelSys\Projeto-Hotel-Aviao.csproj]
C:\Program Files\dotnet\sdk\8.0.415\Microsoft.Common.CurrentVersion.targets(5321,5): warning MSB3026: n├úo foi poss├¡vel copiar "C:\Users\Renna\OneDrive\Projetos-Back-End\ProjetosCsharp\RazorPage\TravelSys\obj\Debug\net8.0\apphost.exe" para "bin\Debug\net8.0\Projeto-Hotel-Aviao.exe". Iniciando nova tentativa 7 em 1000ms. The process cannot access the file 'C:\Users\Renna\OneDrive\Projetos-Back-End\ProjetosCsharp\RazorPage\TravelSys\bin\Debug\net8.0\Projeto-Hotel-Aviao.exe' because it is being used by another process. O arquivo ├® bloqueado por: "Projeto-Hotel-Aviao (110108)" [C:\Users\Renna\OneDrive\Projetos-Back-End\ProjetosCsharp\RazorPage\TravelSys\Projeto-Hotel-Aviao.csproj]
C:\Program Files\dotnet\sdk\8.0.415\Microsoft.Common.CurrentVersion.targets(5321,5): warning MSB3026: n├úo foi poss├¡vel copiar "C:\Users\Renna\OneDrive\Projetos-Back-End\ProjetosCsharp\RazorPage\TravelSys\obj\Debug\net8.0\apphost.exe" para "bin\Debug\net8.0\Projeto-Hotel-Aviao.exe". Iniciando nova tentativa 8 em 1000ms. The process cannot access the file 'C:\Users\Renna\OneDrive\Projetos-Back-End\ProjetosCsharp\RazorPage\TravelSys\bin\Debug\net8.0\Projeto-Hotel-Aviao.exe' because it is being used by another process. O arquivo ├® bloqueado por: "Projeto-Hotel-Aviao (110108)" [C:\Users\Renna\OneDrive\Projetos-Back-End\ProjetosCsharp\RazorPage\TravelSys\Projeto-Hotel-Aviao.csproj]
C:\Program Files\dotnet\sdk\8.0.415\Microsoft.Common.CurrentVersion.targets(5321,5): warning MSB3026: n├úo foi poss├¡vel copiar "C:\Users\Renna\OneDrive\Projetos-Back-End\ProjetosCsharp\RazorPage\TravelSys\obj\Debug\net8.0\apphost.exe" para "bin\Debug\net8.0\Projeto-Hotel-Aviao.exe". Iniciando nova tentativa 9 em 1000ms. The process cannot access the file 'C:\Users\Renna\OneDrive\Projetos-Back-End\ProjetosCsharp\RazorPage\TravelSys\bin\Debug\net8.0\Projeto-Hotel-Aviao.exe' because it is being used by another process. O arquivo ├® bloqueado por: "Projeto-Hotel-Aviao (110108)" [C:\Users\Renna\OneDrive\Projetos-Back-End\ProjetosCsharp\RazorPage\TravelSys\Projeto-Hotel-Aviao.csproj]
C:\Program Files\dotnet\sdk\8.0.415\Microsoft.Common.CurrentVersion.targets(5321,5): warning MSB3026: n├úo foi poss├¡vel copiar "C:\Users\Renna\OneDrive\Projetos-Back-End\ProjetosCsharp\RazorPage\TravelSys\obj\Debug\net8.0\apphost.exe" para "bin\Debug\net8.0\Projeto-Hotel-Aviao.exe". Iniciando nova tentativa 10 em 1000ms. The process cannot access the file 'C:\Users\Renna\OneDrive\Projetos-Back-End\ProjetosCsharp\RazorPage\TravelSys\bin\Debug\net8.0\Projeto-Hotel-Aviao.exe' because it is being used by another process. O arquivo ├® bloqueado por: "Projeto-Hotel-Aviao (110108)" [C:\Users\Renna\OneDrive\Projetos-Back-End\ProjetosCsharp\RazorPage\TravelSys\Projeto-Hotel-Aviao.csproj]
C:\Program Files\dotnet\sdk\8.0.415\Microsoft.Common.CurrentVersion.targets(5321,5): error MSB3027: n├úo foi poss├¡vel copiar "C:\Users\Renna\OneDrive\Projetos-Back-End\ProjetosCsharp\RazorPage\TravelSys\obj\Debug\net8.0\apphost.exe" para "bin\Debug\net8.0\Projeto-Hotel-Aviao.exe". N├║mero de novas tentativas 10 excedido. Falha. O arquivo ├® bloqueado por: "Projeto-Hotel-Aviao (110108)" [C:\Users\Renna\OneDrive\Projetos-Back-End\ProjetosCsharp\RazorPage\TravelSys\Projeto-Hotel-Aviao.csproj]
C:\Program Files\dotnet\sdk\8.0.415\Microsoft.Common.CurrentVersion.targets(5321,5): error MSB3021: N├úo ├® poss├¡vel copiar o arquivo "C:\Users\Renna\OneDrive\Projetos-Back-End\ProjetosCsharp\RazorPage\TravelSys\obj\Debug\net8.0\apphost.exe" para "bin\Debug\net8.0\Projeto-Hotel-Aviao.exe". The process cannot access the file 'C:\Users\Renna\OneDrive\Projetos-Back-End\ProjetosCsharp\RazorPage\TravelSys\bin\Debug\net8.0\Projeto-Hotel-Aviao.exe' because it is being used by another process. [C:\Users\Renna\OneDrive\Projetos-Back-End\ProjetosCsharp\RazorPage\TravelSys\Projeto-Hotel-Aviao.csproj]

FALHA da compila├º├úo.

C:\Program Files\dotnet\sdk\8.0.415\Microsoft.Common.CurrentVersion.targets(5321,5): warning MSB3026: n├úo foi poss├¡vel copiar "C:\Users\Renna\OneDrive\Projetos-Back-End\ProjetosCsharp\RazorPage\TravelSys\obj\Debug\net8.0\apphost.exe" para "bin\Debug\net8.0\Projeto-Hotel-Aviao.exe". Iniciando nova tentativa 1 em 1000ms. The process cannot access the file 'C:\Users\Renna\OneDrive\Projetos-Back-End\ProjetosCsharp\RazorPage\TravelSys\bin\Debug\net8.0\Projeto-Hotel-Aviao.exe' because it is being used by another process. O arquivo ├® bloqueado por: "Projeto-Hotel-Aviao (110108)" [C:\Users\Renna\OneDrive\Projetos-Back-End\ProjetosCsharp\RazorPage\TravelSys\Projeto-Hotel-Aviao.csproj]
C:\Program Files\dotnet\sdk\8.0.415\Microsoft.Common.CurrentVersion.targets(5321,5): warning MSB3026: n├úo foi poss├¡vel copiar "C:\Users\Renna\OneDrive\Projetos-Back-End\ProjetosCsharp\RazorPage\TravelSys\obj\Debug\net8.0\apphost.exe" para "bin\Debug\net8.0\Projeto-Hotel-Aviao.exe". Iniciando nova tentativa 2 em 1000ms. The process cannot access the file 'C:\Users\Renna\OneDrive\Projetos-Back-End\ProjetosCsharp\RazorPage\TravelSys\bin\Debug\net8.0\Projeto-Hotel-Aviao.exe' because it is being used by another process. O arquivo ├® bloqueado por: "Projeto-Hotel-Aviao (110108)" [C:\Users\Renna\OneDrive\Projetos-Back-End\ProjetosCsharp\RazorPage\TravelSys\Projeto-Hotel-Aviao.csproj]
C:\Program Files\dotnet\sdk\8.0.415\Microsoft.Common.CurrentVersion.targets(5321,5): warning MSB3026: n├úo foi poss├¡vel copiar "C:\Users\Renna\OneDrive\Projetos-Back-End\ProjetosCsharp\RazorPage\TravelSys\obj\Debug\net8.0\apphost.exe" para "bin\Debug\net8.0\Projeto-Hotel-Aviao.exe". Iniciando nova tentativa 3 em 1000ms. The process cannot access the file 'C:\Users\Renna\OneDrive\Projetos-Back-End\ProjetosCsharp\RazorPage\TravelSys\bin\Debug\net8.0\Projeto-Hotel-Aviao.exe' because it is being used by another process. O arquivo ├® bloqueado por: "Projeto-Hotel-Aviao (110108)" [C:\Users\Renna\OneDrive\Projetos-Back-End\ProjetosCsharp\RazorPage\TravelSys\Projeto-Hotel-Aviao.csproj]
C:\Program Files\dotnet\sdk\8.0.415\Microsoft.Common.CurrentVersion.targets(5321,5): warning MSB3026: n├úo foi poss├¡vel copiar "C:\Users\Renna\OneDrive\Projetos-Back-End\ProjetosCsharp\RazorPage\TravelSys\obj\Debug\net8.0\apphost.exe" para "bin\Debug\net8.0\Projeto-Hotel-Aviao.exe". Iniciando nova tentativa 4 em 1000ms. The process cannot access the file 'C:\Users\Renna\OneDrive\Projetos-Back-End\ProjetosCsharp\RazorPage\TravelSys\bin\Debug\net8.0\Projeto-Hotel-Aviao.exe' because it is being used by another process. O arquivo ├® bloqueado por: "Projeto-Hotel-Aviao (110108)" [C:\Users\Renna\OneDrive\Projetos-Back-End\ProjetosCsharp\RazorPage\TravelSys\Projeto-Hotel-Aviao.csproj]
C:\Program Files\dotnet\sdk\8.0.415\Microsoft.Common.CurrentVersion.targets(5321,5): warning MSB3026: n├úo foi poss├¡vel copiar "C:\Users\Renna\OneDrive\Projetos-Back-End\ProjetosCsharp\RazorPage\TravelSys\obj\Debug\net8.0\apphost.exe" para "bin\Debug\net8.0\Projeto-Hotel-Aviao.exe". Iniciando nova tentativa 5 em 1000ms. The process cannot access the file 'C:\Users\Renna\OneDrive\Projetos-Back-End\ProjetosCsharp\RazorPage\TravelSys\bin\Debug\net8.0\Projeto-Hotel-Aviao.exe' because it is being used by another process. O arquivo ├® bloqueado por: "Projeto-Hotel-Aviao (110108)" [C:\Users\Renna\OneDrive\Projetos-Back-End\ProjetosCsharp\RazorPage\TravelSys\Projeto-Hotel-Aviao.csproj]
C:\Program Files\dotnet\sdk\8.0.415\Microsoft.Common.CurrentVersion.targets(5321,5): warning MSB3026: n├úo foi poss├¡vel copiar "C:\Users\Renna\OneDrive\Projetos-Back-End\ProjetosCsharp\RazorPage\TravelSys\obj\Debug\net8.0\apphost.exe" para "bin\Debug\net8.0\Projeto-Hotel-Aviao.exe". Iniciando nova tentativa 6 em 1000ms. The process cannot access the file 'C:\Users\Renna\OneDrive\Projetos-Back-End\ProjetosCsharp\RazorPage\TravelSys\bin\Debug\net8.0\Projeto-Hotel-Aviao.exe' because it is being used by another process. O arquivo ├® bloqueado por: "Projeto-Hotel-Aviao (110108)" [C:\Users\Renna\OneDrive\Projetos-Back-End\ProjetosCsharp\RazorPage\TravelSys\Projeto-Hotel-Aviao.csproj]
C:\Program Files\dotnet\sdk\8.0.415\Microsoft.Common.CurrentVersion.targets(5321,5): warning MSB3026: n├úo foi poss├¡vel copiar "C:\Users\Renna\OneDrive\Projetos-Back-End\ProjetosCsharp\RazorPage\TravelSys\obj\Debug\net8.0\apphost.exe" para "bin\Debug\net8.0\Projeto-Hotel-Aviao.exe". Iniciando nova tentativa 7 em 1000ms. The process cannot access the file 'C:\Users\Renna\OneDrive\Projetos-Back-End\ProjetosCsharp\RazorPage\TravelSys\bin\Debug\net8.0\Projeto-Hotel-Aviao.exe' because it is being used by another process. O arquivo ├® bloqueado por: "Projeto-Hotel-Aviao (110108)" [C:\Users\Renna\OneDrive\Projetos-Back-End\ProjetosCsharp\RazorPage\TravelSys\Projeto-Hotel-Aviao.csproj]
C:\Program Files\dotnet\sdk\8.0.415\Microsoft.Common.CurrentVersion.targets(5321,5): warning MSB3026: n├úo foi poss├¡vel copiar "C:\Users\Renna\OneDrive\Projetos-Back-End\ProjetosCsharp\RazorPage\TravelSys\obj\Debug\net8.0\apphost.exe" para "bin\Debug\net8.0\Projeto-Hotel-Aviao.exe". Iniciando nova tentativa 8 em 1000ms. The process cannot access the file 'C:\Users\Renna\OneDrive\Projetos-Back-End\ProjetosCsharp\RazorPage\TravelSys\bin\Debug\net8.0\Projeto-Hotel-Aviao.exe' because it is being used by another process. O arquivo ├® bloqueado por: "Projeto-Hotel-Aviao (110108)" [C:\Users\Renna\OneDrive\Projetos-Back-End\ProjetosCsharp\RazorPage\TravelSys\Projeto-Hotel-Aviao.csproj]
C:\Program Files\dotnet\sdk\8.0.415\Microsoft.Common.CurrentVersion.targets(5321,5): warning MSB3026: n├úo foi poss├¡vel copiar "C:\Users\Renna\OneDrive\Projetos-Back-End\ProjetosCsharp\RazorPage\TravelSys\obj\Debug\net8.0\apphost.exe" para "bin\Debug\net8.0\Projeto-Hotel-Aviao.exe". Iniciando nova tentativa 9 em 1000ms. The process cannot access the file 'C:\Users\Renna\OneDrive\Projetos-Back-End\ProjetosCsharp\RazorPage\TravelSys\bin\Debug\net8.0\Projeto-Hotel-Aviao.exe' because it is being used by another process. O arquivo ├® bloqueado por: "Projeto-Hotel-Aviao (110108)" [C:\Users\Renna\OneDrive\Projetos-Back-End\ProjetosCsharp\RazorPage\TravelSys\Projeto-Hotel-Aviao.csproj]
C:\Program Files\dotnet\sdk\8.0.415\Microsoft.Common.CurrentVersion.targets(5321,5): warning MSB3026: n├úo foi poss├¡vel copiar "C:\Users\Renna\OneDrive\Projetos-Back-End\ProjetosCsharp\RazorPage\TravelSys\obj\Debug\net8.0\apphost.exe" para "bin\Debug\net8.0\Projeto-Hotel-Aviao.exe". Iniciando nova tentativa 10 em 1000ms. The process cannot access the file 'C:\Users\Renna\OneDrive\Projetos-Back-End\ProjetosCsharp\RazorPage\TravelSys\bin\Debug\net8.0\Projeto-Hotel-Aviao.exe' because it is being used by another process. O arquivo ├® bloqueado por: "Projeto-Hotel-Aviao (110108)" [C:\Users\Renna\OneDrive\Projetos-Back-End\ProjetosCsharp\RazorPage\TravelSys\Projeto-Hotel-Aviao.csproj]
C:\Program Files\dotnet\sdk\8.0.415\Microsoft.Common.CurrentVersion.targets(5321,5): error MSB3027: n├úo foi poss├¡vel copiar "C:\Users\Renna\OneDrive\Projetos-Back-End\ProjetosCsharp\RazorPage\TravelSys\obj\Debug\net8.0\apphost.exe" para "bin\Debug\net8.0\Projeto-Hotel-Aviao.exe". N├║mero de novas tentativas 10 excedido. Falha. O arquivo ├® bloqueado por: "Projeto-Hotel-Aviao (110108)" [C:\Users\Renna\OneDrive\Projetos-Back-End\ProjetosCsharp\RazorPage\TravelSys\Projeto-Hotel-Aviao.csproj]
C:\Program Files\dotnet\sdk\8.0.415\Microsoft.Common.CurrentVersion.targets(5321,5): error MSB3021: N├úo ├® poss├¡vel copiar o arquivo "C:\Users\Renna\OneDrive\Projetos-Back-End\ProjetosCsharp\RazorPage\TravelSys\obj\Debug\net8.0\apphost.exe" para "bin\Debug\net8.0\Projeto-Hotel-Aviao.exe". The process cannot access the file 'C:\Users\Renna\OneDrive\Projetos-Back-End\ProjetosCsharp\RazorPage\TravelSys\bin\Debug\net8.0\Projeto-Hotel-Aviao.exe' because it is being used by another process. [C:\Users\Renna\OneDrive\Projetos-Back-End\ProjetosCsharp\RazorPage\TravelSys\Projeto-Hotel-Aviao.csproj]
    10 Aviso(s)
    2 Erro(s)

Tempo Decorrido 00:00:15.73
